// Jest Snapshot v1, https://goo.gl/fbAQLP

exports[`character conponent renders the character conatinor 1`] = `
<DocumentFragment>
  <div
    class="display"
  >
    <p />
    <p />
    <p />
  </div>
</DocumentFragment>
`;
